******************************************************************************
                  TI ARM Linker PC v20.2.7                     
******************************************************************************
>> Linked Thu May 11 14:29:31 2023

OUTPUT FILE NAME:   <Laboratorio8.out>
ENTRY POINT SYMBOL: "_c_int00_noargs"  address: 00000b91


MEMORY CONFIGURATION

         name            origin    length      used     unused   attr    fill
----------------------  --------  ---------  --------  --------  ----  --------
  FLASH                 00000000   00040000  00000f60  0003f0a0  R  X
  SRAM                  20000000   00008000  00000471  00007b8f  RW X


SEGMENT ALLOCATION MAP

run origin  load origin   length   init length attrs members
----------  ----------- ---------- ----------- ----- -------
00000000    00000000    00000f60   00000f60    r-x
  00000000    00000000    0000026c   0000026c    r-- .intvecs
  0000026c    0000026c    00000ac8   00000ac8    r-x .text
  00000d34    00000d34    000001fc   000001fc    r-- .const
  00000f30    00000f30    00000030   00000030    r-- .cinit
20000000    20000000    00000475   00000000    rw-
  20000000    20000000    0000026c   00000000    rw- .vtable
  20000270    20000270    00000200   00000000    rw- .stack
  20000470    20000470    00000005   00000000    rw- .data


SECTION ALLOCATION MAP

 output                                  attributes/
section   page    origin      length       input sections
--------  ----  ----------  ----------   ----------------
.intvecs   0    00000000    0000026c     
                  00000000    0000026c     tm4c123gh6pm_startup_ccs.obj (.intvecs)

.text      0    0000026c    00000ac8     
                  0000026c    00000268     main.obj (.text)
                  000004d4    00000132     driverlib.lib : gpio.obj (.text:GPIOPadConfigSet)
                  00000606    00000002     --HOLE-- [fill = 0]
                  00000608    00000110                   : sysctl.obj (.text:SysCtlClockGet)
                  00000718    000000f4                   : sysctl.obj (.text:SysCtlClockSet)
                  0000080c    0000009c     rtsv7M4_T_le_v4SPD16_eabi.lib : memcpy_t2.asm.obj (.text)
                  000008a8    00000068     driverlib.lib : interrupt.obj (.text:IntEnable)
                  00000910    00000068     rtsv7M4_T_le_v4SPD16_eabi.lib : copy_decompress_lzss.c.obj (.text:decompress:lzss:__TI_decompress_lzss)
                  00000978    00000060     driverlib.lib : timer.obj (.text:TimerConfigure)
                  000009d8    0000004c                   : timer.obj (.text:_TimerIntNumberGet)
                  00000a24    00000046                   : uart.obj (.text:UARTConfigSetExpClk)
                  00000a6a    00000002     --HOLE-- [fill = 0]
                  00000a6c    00000044     rtsv7M4_T_le_v4SPD16_eabi.lib : autoinit.c.obj (.text:__TI_auto_init_nobinit_nopinit:__TI_auto_init_nobinit_nopinit)
                  00000ab0    00000040     driverlib.lib : uart.obj (.text:_UARTIntNumberGet)
                  00000af0    00000038                   : sysctl.obj (.text:SysCtlPeripheralReady)
                  00000b28    00000034                   : interrupt.obj (.text:IntRegister)
                  00000b5c    00000034                   : sysctl.obj (.text:SysCtlPeripheralEnable)
                  00000b90    00000034     rtsv7M4_T_le_v4SPD16_eabi.lib : boot_cortex_m.c.obj (.text:_c_int00_noargs:_c_int00_noargs)
                  00000bc4    0000002a     driverlib.lib : gpio.obj (.text:GPIODirModeSet)
                  00000bee    00000002     --HOLE-- [fill = 0]
                  00000bf0    00000020                   : uart.obj (.text:UARTDisable)
                  00000c10    0000001c     rtsv7M4_T_le_v4SPD16_eabi.lib : copy_zero_init.c.obj (.text:decompress:ZI:__TI_zero_init_nomemset:__TI_zero_init_nomemset)
                  00000c2c    00000018     driverlib.lib : gpio.obj (.text:GPIOPinTypeGPIOOutput)
                  00000c44    00000018                   : timer.obj (.text:TimerIntRegister)
                  00000c5c    00000018                   : uart.obj (.text:UARTIntRegister)
                  00000c74    00000014                   : uart.obj (.text:UARTEnable)
                  00000c88    00000012                   : gpio.obj (.text:GPIOPinTypeUART)
                  00000c9a    00000012                   : timer.obj (.text:TimerLoadSet)
                  00000cac    00000010                   : interrupt.obj (.text:IntMasterEnable)
                  00000cbc    0000000e                   : timer.obj (.text:TimerEnable)
                  00000cca    0000000e                   : uart.obj (.text:UARTCharGetNonBlocking)
                  00000cd8    0000000e     rtsv7M4_T_le_v4SPD16_eabi.lib : copy_decompress_none.c.obj (.text:decompress:none:__TI_decompress_none)
                  00000ce6    0000000c     driverlib.lib : cpu.obj (.text:CPUcpsie)
                  00000cf2    0000000c     tm4c123gh6pm_startup_ccs.obj (.text)
                  00000cfe    0000000a     driverlib.lib : uart.obj (.text:UARTCharPut)
                  00000d08    00000008                   : timer.obj (.text:TimerIntEnable)
                  00000d10    00000008                   : uart.obj (.text:UARTIntEnable)
                  00000d18    00000006                   : gpio.obj (.text:GPIOPinWrite)
                  00000d1e    00000006                   : sysctl.obj (.text:SysCtlDelay)
                  00000d24    00000004                   : timer.obj (.text:TimerIntClear)
                  00000d28    00000004                   : uart.obj (.text:UARTIntClear)
                  00000d2c    00000004     rtsv7M4_T_le_v4SPD16_eabi.lib : pre_init.c.obj (.text:_system_pre_init)
                  00000d30    00000004                                   : exit.c.obj (.text:abort:abort)

.const     0    00000d34    000001fc     
                  00000d34    00000070     driverlib.lib : interrupt.obj (.const)
                  00000da4    0000006c                   : sysctl.obj (.const:g_pui32Xtals)
                  00000e10    00000060                   : timer.obj (.const:g_ppui32TimerIntMap)
                  00000e70    00000040                   : timer.obj (.const:g_ppui32TimerIntMapSnowflake)
                  00000eb0    00000040                   : uart.obj (.const:g_ppui32UARTIntMap)
                  00000ef0    00000040                   : uart.obj (.const:g_ppui32UARTIntMapSnowflake)

.cinit     0    00000f30    00000030     
                  00000f30    0000000c     (__TI_handler_table)
                  00000f3c    00000009     (.cinit..data.load) [load image, compression = lzss]
                  00000f45    00000003     --HOLE-- [fill = 0]
                  00000f48    00000008     (.cinit..vtable.load) [load image, compression = zero_init]
                  00000f50    00000010     (__TI_cinit_table)

.init_array 
*          0    00000000    00000000     UNINITIALIZED

.vtable    0    20000000    0000026c     UNINITIALIZED
                  20000000    0000026c     driverlib.lib : interrupt.obj (.vtable)

.data      0    20000470    00000005     UNINITIALIZED
                  20000470    00000005     main.obj (.data)

.stack     0    20000270    00000200     UNINITIALIZED
                  20000270    00000004     rtsv7M4_T_le_v4SPD16_eabi.lib : boot_cortex_m.c.obj (.stack)
                  20000274    000001fc     --HOLE--

__llvm_prf_cnts 
*          0    20000000    00000000     UNINITIALIZED

MODULE SUMMARY

       Module                         code   ro data   rw data
       ------                         ----   -------   -------
    .\
       tm4c123gh6pm_startup_ccs.obj   12     620       0      
       main.obj                       616    0         5      
    +--+------------------------------+------+---------+---------+
       Total:                         628    620       5      
                                                              
    ../driverlib.lib
       interrupt.obj                  172    112       620    
       sysctl.obj                     630    108       0      
       timer.obj                      240    160       0      
       gpio.obj                       396    0         0      
       uart.obj                       246    128       0      
       cpu.obj                        12     0         0      
    +--+------------------------------+------+---------+---------+
       Total:                         1696   508       620    
                                                              
    C:\ti\ccs1230\ccs\tools\compiler\ti-cgt-arm_20.2.7.LTS\lib\rtsv7M4_T_le_v4SPD16_eabi.lib
       memcpy_t2.asm.obj              156    0         0      
       copy_decompress_lzss.c.obj     104    0         0      
       autoinit.c.obj                 68     0         0      
       boot_cortex_m.c.obj            52     0         0      
       copy_zero_init.c.obj           28     0         0      
       copy_decompress_none.c.obj     14     0         0      
       exit.c.obj                     4      0         0      
       pre_init.c.obj                 4      0         0      
    +--+------------------------------+------+---------+---------+
       Total:                         430    0         0      
                                                              
       Stack:                         0      0         512    
       Linker Generated:              0      45        0      
    +--+------------------------------+------+---------+---------+
       Grand Total:                   2754   1173      1137   


LINKER GENERATED COPY TABLES

__TI_cinit_table @ 00000f50 records: 2, size/record: 8, table size: 16
	.data: load addr=00000f3c, load size=00000009 bytes, run addr=20000470, run size=00000005 bytes, compression=lzss
	.vtable: load addr=00000f48, load size=00000008 bytes, run addr=20000000, run size=0000026c bytes, compression=zero_init


LINKER GENERATED HANDLER TABLE

__TI_handler_table @ 00000f30 records: 3, size/record: 4, table size: 12
	index: 0, handler: __TI_zero_init
	index: 1, handler: __TI_decompress_lzss
	index: 2, handler: __TI_decompress_none


GLOBAL SYMBOLS: SORTED ALPHABETICALLY BY Name 

address   name                          
-------   ----                          
00000d31  C$$EXIT                       
00000ce7  CPUcpsie                      
00000bc5  GPIODirModeSet                
000004d5  GPIOPadConfigSet              
00000c2d  GPIOPinTypeGPIOOutput         
00000c89  GPIOPinTypeUART               
00000d19  GPIOPinWrite                  
000008a9  IntEnable                     
00000cad  IntMasterEnable               
00000b29  IntRegister                   
00000cf3  ResetISR                      
0000040f  SendString                    
00000609  SysCtlClockGet                
00000719  SysCtlClockSet                
00000d1f  SysCtlDelay                   
00000b5d  SysCtlPeripheralEnable        
00000af1  SysCtlPeripheralReady         
0000032b  Timer0IntHandler              
000002e5  TimerConfig                   
00000979  TimerConfigure                
00000cbd  TimerEnable                   
00000d25  TimerIntClear                 
00000d09  TimerIntEnable                
00000c45  TimerIntRegister              
00000c9b  TimerLoadSet                  
00000ccb  UARTCharGetNonBlocking        
00000cff  UARTCharPut                   
00000a25  UARTConfigSetExpClk           
00000bf1  UARTDisable                   
00000c75  UARTEnable                    
00000d29  UARTIntClear                  
00000d11  UARTIntEnable                 
00000351  UARTIntHandler                
00000c5d  UARTIntRegister               
000003d3  UARTconfig                    
20000470  __STACK_END                   
00000200  __STACK_SIZE                  
20000470  __STACK_TOP                   
00000f50  __TI_CINIT_Base               
00000f60  __TI_CINIT_Limit              
00000f30  __TI_Handler_Table_Base       
00000f3c  __TI_Handler_Table_Limit      
00000a6d  __TI_auto_init_nobinit_nopinit
00000911  __TI_decompress_lzss          
00000cd9  __TI_decompress_none          
ffffffff  __TI_pprof_out_hndl           
ffffffff  __TI_prof_data_size           
ffffffff  __TI_prof_data_start          
00000000  __TI_static_base__            
00000c11  __TI_zero_init_nomemset       
0000080d  __aeabi_memcpy                
0000080d  __aeabi_memcpy4               
0000080d  __aeabi_memcpy8               
ffffffff  __binit__                     
ffffffff  __c_args__                    
UNDEFED   __mpu_init                    
20000270  __stack                       
20000000  __start___llvm_prf_cnts       
20000000  __stop___llvm_prf_cnts        
00000b91  _c_int00_noargs               
UNDEFED   _system_post_cinit            
00000d2d  _system_pre_init              
00000d31  abort                         
ffffffff  binit                         
20000000  g_pfnRAMVectors               
00000000  g_pfnVectors                  
0000026d  main                          
0000080d  memcpy                        
20000474  n                             
20000470  state                         
20000471  state2                        
20000472  valor                         
20000473  valorP                        


GLOBAL SYMBOLS: SORTED BY Symbol Address 

address   name                          
-------   ----                          
00000000  __TI_static_base__            
00000000  g_pfnVectors                  
00000200  __STACK_SIZE                  
0000026d  main                          
000002e5  TimerConfig                   
0000032b  Timer0IntHandler              
00000351  UARTIntHandler                
000003d3  UARTconfig                    
0000040f  SendString                    
000004d5  GPIOPadConfigSet              
00000609  SysCtlClockGet                
00000719  SysCtlClockSet                
0000080d  __aeabi_memcpy                
0000080d  __aeabi_memcpy4               
0000080d  __aeabi_memcpy8               
0000080d  memcpy                        
000008a9  IntEnable                     
00000911  __TI_decompress_lzss          
00000979  TimerConfigure                
00000a25  UARTConfigSetExpClk           
00000a6d  __TI_auto_init_nobinit_nopinit
00000af1  SysCtlPeripheralReady         
00000b29  IntRegister                   
00000b5d  SysCtlPeripheralEnable        
00000b91  _c_int00_noargs               
00000bc5  GPIODirModeSet                
00000bf1  UARTDisable                   
00000c11  __TI_zero_init_nomemset       
00000c2d  GPIOPinTypeGPIOOutput         
00000c45  TimerIntRegister              
00000c5d  UARTIntRegister               
00000c75  UARTEnable                    
00000c89  GPIOPinTypeUART               
00000c9b  TimerLoadSet                  
00000cad  IntMasterEnable               
00000cbd  TimerEnable                   
00000ccb  UARTCharGetNonBlocking        
00000cd9  __TI_decompress_none          
00000ce7  CPUcpsie                      
00000cf3  ResetISR                      
00000cff  UARTCharPut                   
00000d09  TimerIntEnable                
00000d11  UARTIntEnable                 
00000d19  GPIOPinWrite                  
00000d1f  SysCtlDelay                   
00000d25  TimerIntClear                 
00000d29  UARTIntClear                  
00000d2d  _system_pre_init              
00000d31  C$$EXIT                       
00000d31  abort                         
00000f30  __TI_Handler_Table_Base       
00000f3c  __TI_Handler_Table_Limit      
00000f50  __TI_CINIT_Base               
00000f60  __TI_CINIT_Limit              
20000000  __start___llvm_prf_cnts       
20000000  __stop___llvm_prf_cnts        
20000000  g_pfnRAMVectors               
20000270  __stack                       
20000470  __STACK_END                   
20000470  __STACK_TOP                   
20000470  state                         
20000471  state2                        
20000472  valor                         
20000473  valorP                        
20000474  n                             
ffffffff  __TI_pprof_out_hndl           
ffffffff  __TI_prof_data_size           
ffffffff  __TI_prof_data_start          
ffffffff  __binit__                     
ffffffff  __c_args__                    
ffffffff  binit                         
UNDEFED   __mpu_init                    
UNDEFED   _system_post_cinit            

[73 symbols]
